The sizes are not the same, but the secret message functionality is the same.

satumkorhonen@ECTURWSKOR1 part1 % docker run -it -d --name ex5a devopsdockeruh/simple-web-service:ubuntu
Unable to find image 'devopsdockeruh/simple-web-service:ubuntu' locally
ubuntu: Pulling from devopsdockeruh/simple-web-service
5d3b2c2d21bb: Pull complete 
3fc2062ea667: Pull complete 
75adf526d75b: Pull complete 
965d4bbb586a: Pull complete 
4f4fb700ef54: Pull complete 
Digest: sha256:d44e1dce398732e18c7c2bad9416a072f719af33498302b02929d4c112e88d2a
Status: Downloaded newer image for devopsdockeruh/simple-web-service:ubuntu
d2dc6fe131ad7a58269f106bc5dc508905dd3a037df62b04a89ee83288d02d94
satumkorhonen@ECTURWSKOR1 part1 % docker run -it -d --name ex5a devopsdockeruh/simple-web-service:alpine
Unable to find image 'devopsdockeruh/simple-web-service:alpine' locally
alpine: Pulling from devopsdockeruh/simple-web-service
ba3557a56b15: Pull complete 
1dace236434b: Pull complete 
4f4fb700ef54: Pull complete 
Digest: sha256:dd4d367476f86b7d7579d3379fe446ae5dfce25480903fb0966fc2e5257e0543
Status: Downloaded newer image for devopsdockeruh/simple-web-service:alpine
docker: Error response from daemon: Conflict. The container name "/ex5a" is already in use by container "d2dc6fe131ad7a58269f106bc5dc508905dd3a037df62b04a89ee83288d02d94". You have to remove (or rename) that container to be able to reuse that name.
See 'docker run --help'.
satumkorhonen@ECTURWSKOR1 part1 % docker image ls -a
REPOSITORY                          TAG       IMAGE ID       CREATED       SIZE
devopsdockeruh/simple-web-service   ubuntu    4e3362e907d5   5 weeks ago   83MB
devopsdockeruh/simple-web-service   alpine    fd312adc88e0   5 weeks ago   15.7MB
satumkorhonen@ECTURWSKOR1 part1 % docker image rm fd
Untagged: devopsdockeruh/simple-web-service:alpine
Untagged: devopsdockeruh/simple-web-service@sha256:dd4d367476f86b7d7579d3379fe446ae5dfce25480903fb0966fc2e5257e0543
Deleted: sha256:fd312adc88e08116713c2c47a0581b19987c35781ded55e1601a6e592b93cff8
Deleted: sha256:42a65c67f72a6bde32c78039c7ea98ef8929000c170fb34a74f2daed3bc630fd
Deleted: sha256:08f80b80c57e445125b1c1686f2bff2bcdd453aaf1bb0526939cc2201c4701e6
Deleted: sha256:cb381a32b2296e4eb5af3f84092a2e6685e88adbc54ee0768a1a1010ce6376c7
satumkorhonen@ECTURWSKOR1 part1 % docker run -it -d --name ex5b devopsdockeruh/simple-web-service:alpine
Unable to find image 'devopsdockeruh/simple-web-service:alpine' locally
alpine: Pulling from devopsdockeruh/simple-web-service
ba3557a56b15: Pull complete 
1dace236434b: Pull complete 
4f4fb700ef54: Pull complete 
Digest: sha256:dd4d367476f86b7d7579d3379fe446ae5dfce25480903fb0966fc2e5257e0543
Status: Downloaded newer image for devopsdockeruh/simple-web-service:alpine
d9cf089cc3ea07520fbea93f18537a3ee880e7035d5a661399fe0f25284106ae
satumkorhonen@ECTURWSKOR1 part1 % docker image ls -a
REPOSITORY                          TAG       IMAGE ID       CREATED       SIZE
devopsdockeruh/simple-web-service   ubuntu    4e3362e907d5   5 weeks ago   83MB
devopsdockeruh/simple-web-service   alpine    fd312adc88e0   5 weeks ago   15.7MB
satumkorhonen@ECTURWSKOR1 part1 % docker container ls -a
CONTAINER ID   IMAGE                                      COMMAND                 CREATED              STATUS              PORTS     NAMES
d9cf089cc3ea   devopsdockeruh/simple-web-service:alpine   "/usr/src/app/server"   12 seconds ago       Up 11 seconds                 ex5b
d2dc6fe131ad   devopsdockeruh/simple-web-service:ubuntu   "/usr/src/app/server"   About a minute ago   Up About a minute             ex5a
satumkorhonen@ECTURWSKOR1 part1 % docker exec -it ex5b sh
/usr/src/app # tail -f ./text.log
Secret message is: 'You can find the source code here: https://github.com/docker-hy'
2021-04-19 05:24:25 +0000 UTC
2021-04-19 05:24:27 +0000 UTC
2021-04-19 05:24:29 +0000 UTC
2021-04-19 05:24:31 +0000 UTC
2021-04-19 05:24:33 +0000 UTC
Secret message is: 'You can find the source code here: https://github.com/docker-hy'
2021-04-19 05:24:35 +0000 UTC
2021-04-19 05:24:37 +0000 UTC
2021-04-19 05:24:39 +0000 UTC
2021-04-19 05:24:41 +0000 UTC
2021-04-19 05:24:43 +0000 UTC
Secret message is: 'You can find the source code here: https://github.com/docker-hy'
2021-04-19 05:24:45 +0000 UTC
รง2021-04-19 05:24:47 +0000 UTC

